################################################################################
#                                                                              #
#      IAR Universal Linker V6.3.4.78                                          #
#                                                                              #
#           Link time     =  20/Mar/2017  17:56:05                             #
#           Target CPU    =  MSP430                                            #
#           List file     =  E:\_ARTON_PROJ\Arton-DL1-R\BP\soft\git\IAR\Debug\ #
#                            List\Arton_DL1R.map                               #
#           Output file 1 =  E:\_ARTON_PROJ\Arton-DL1-R\BP\soft\git\IAR\Debug\ #
#                            Exe\Arton_DL1R.d43                                #
#                            Format: ubrof10                                   #
#                            UBROF version 10.0.6                              #
#                            Using library modules for C-SPY (-rt)             #
#           Command line  =  E:\_ARTON_PROJ\Arton-DL1-R\BP\soft\git\IAR\Debug\ #
#                            Obj\delay.r43                                     #
#                            E:\_ARTON_PROJ\Arton-DL1-R\BP\soft\git\IAR\Debug\ #
#                            Obj\flash.r43                                     #
#                            E:\_ARTON_PROJ\Arton-DL1-R\BP\soft\git\IAR\Debug\ #
#                            Obj\hardware.r43                                  #
#                            E:\_ARTON_PROJ\Arton-DL1-R\BP\soft\git\IAR\Debug\ #
#                            Obj\main.r43                                      #
#                            E:\_ARTON_PROJ\Arton-DL1-R\BP\soft\git\IAR\Debug\ #
#                            Obj\soft_uart.r43                                 #
#                            -o                                                #
#                            E:\_ARTON_PROJ\Arton-DL1-R\BP\soft\git\IAR\Debug\ #
#                            Exe\Arton_DL1R.d43                                #
#                            -l                                                #
#                            E:\_ARTON_PROJ\Arton-DL1-R\BP\soft\git\IAR\Debug\ #
#                            List\Arton_DL1R.map                               #
#                            -xms                                              #
#                            "-IC:\Program Files (x86)\IAR Systems\Embedded Wo #
#                            rkbench 7.3\430\LIB\"                             #
#                            -f                                                #
#                            "C:\Program Files (x86)\IAR Systems\Embedded Work #
#                            bench 7.3\430\config\linker\lnk430g2433.xcl"      #
#                            (-cmsp430 -QCODE_I=CODE_ID -QTLS16_I=TLS16_ID     #
#                            -Z(CONST)INFO=1000-10FF                           #
#                            -Z(CONST)INFOA=10C0-10FF                          #
#                            -Z(CONST)INFOB=1080-10BF                          #
#                            -Z(CONST)INFOC=1040-107F                          #
#                            -Z(CONST)INFOD=1000-103F                          #
#                            -Z(DATA)DATA16_I,DATA16_Z,DATA16_N,TLS16_I=0200-0 #
#                            3FF                                               #
#                            -Z(DATA)DATA16_HEAP+_DATA16_HEAP_SIZE             #
#                            -Z(DATA)CODE_I -Z(DATA)CSTACK+_STACK_SIZE#        #
#                            -Z(CONST)DATA16_C,DATA16_ID,TLS16_ID,DIFUNCT,CHEC #
#                            KSUM=E000-FFDD                                    #
#                            -Z(CODE)CSTART,ISR_CODE,CODE_ID=E000-FFDD         #
#                            -P(CODE)CODE=E000-FFDD                            #
#                            -Z(CONST)SIGNATURE=FFDE-FFDF                      #
#                            -Z(CODE)INTVEC=FFE0-FFFF                          #
#                            -Z(CODE)RESET=FFFE-FFFF) -D_STACK_SIZE=64 -rt     #
#                            "C:\Program Files (x86)\IAR Systems\Embedded Work #
#                            bench 7.3\430\lib\dlib\dl430fn.r43"               #
#                            -D_DATA16_HEAP_SIZE=0 -s __program_start          #
#                            -D_DATA20_HEAP_SIZE=50                            #
#                                                                              #
#                           Copyright (C) 1987-2015 IAR Systems AB.            #
################################################################################





                ****************************************
                *                                      *
                *           CROSS REFERENCE            *
                *                                      *
                ****************************************

       Program entry at :           E036  Relocatable, from module : ?cstart




                ****************************************
                *                                      *
                *            RUNTIME MODEL             *
                *                                      *
                ****************************************

  __Heap_Handler             = Basic
  __SystemLibrary            = DLib
  __core                     = 430
  __dlib_file_descriptor     = 0
  __dlib_full_locale_support = 0
  __double_size              = 32
  __pic                      = no
  __reg_r4                   = regvar
  __reg_r5                   = free
  __rt_version               = 3

                ****************************************
                *                                      *
                *    AUTOMATIC SYMBOL REDIRECTIONS     *
                *                                      *
                ****************************************

                  There are no automatic symbol redirections.



                ****************************************
                *                                      *
                *              MODULE MAP              *
                *                                      *
                ****************************************


  DEFINED ABSOLUTE ENTRIES
    *************************************************************************

  DEFINED ABSOLUTE ENTRIES
  PROGRAM MODULE, NAME : ?ABS_ENTRY_MOD

Absolute parts
           ENTRY                   ADDRESS         REF BY
           =====                   =======         ======
           _DATA20_HEAP_SIZE       0050 
           _DATA16_HEAP_SIZE       0000 
           _STACK_SIZE             0064 
    *************************************************************************

  FILE NAME : E:\_ARTON_PROJ\Arton-DL1-R\BP\soft\git\IAR\Debug\Obj\delay.r43
  PROGRAM MODULE, NAME : delay

  SEGMENTS IN THE MODULE
  ======================
<CODE> 1 (was CODE)
  Relative segment, address: F814 - F827 (0x14 bytes), align: 1
  Segment part 2.
           ENTRY                   ADDRESS         REF BY
           =====                   =======         ======
           DelayUs_8MHz            F814            ?Subroutine2 (soft_uart)
                                                   ?Subroutine5 (soft_uart)
                                                   SoftUART_TxMode_ON (soft_uart)
                                                   main (main)
    -------------------------------------------------------------------------
<CODE> 1 (was CODE)
  Relative segment, address: F71C - F73B (0x20 bytes), align: 1
  Segment part 3.             Intra module refs:   DelayMs
           ENTRY                   ADDRESS         REF BY
           =====                   =======         ======
           DelayUs                 F71C            ?Subroutine13 (main)
                                                   ADC_Measure_Simple (main)
                                                   PORT1_ISR (hardware)
                                                   Segment part 150 (main)
    -------------------------------------------------------------------------
<CODE> 1 (was CODE)
  Relative segment, address: F828 - F83B (0x14 bytes), align: 1
  Segment part 5.
           ENTRY                   ADDRESS         REF BY
           =====                   =======         ======
           DelayMs                 F828            DeviceDiagnostics (main)
                                                   main (main)
               calls direct

    *************************************************************************

  FILE NAME : E:\_ARTON_PROJ\Arton-DL1-R\BP\soft\git\IAR\Debug\Obj\flash.r43
  PROGRAM MODULE, NAME : flash

  SEGMENTS IN THE MODULE
  ======================
DATA16_AN
  Relative segment, address: 0128 - 0129 (0x2 bytes), align: 0
  Segment part 1. ROOT        Intra module refs:   FlashEraseSegment
                                                   FlashWriteArray
           ENTRY                   ADDRESS         REF BY
           =====                   =======         ======
           FCTL1                   0128 
    -------------------------------------------------------------------------
DATA16_AN
  Relative segment, address: 012A - 012B (0x2 bytes), align: 0
  Segment part 2. ROOT        Intra module refs:   SavePropertyCS
                                                   StorageProperty
                                                   StoragePropertyWord
           ENTRY                   ADDRESS         REF BY
           =====                   =======         ======
           FCTL2                   012A 
    -------------------------------------------------------------------------
DATA16_AN
  Relative segment, address: 012C - 012D (0x2 bytes), align: 0
  Segment part 3. ROOT        Intra module refs:   FlashEraseSegment
                                                   FlashWriteArray
                                                   SavePropertyCS
                                                   StorageProperty
                                                   StoragePropertyWord
           ENTRY                   ADDRESS         REF BY
           =====                   =======         ======
           FCTL3                   012C 
    -------------------------------------------------------------------------
DATA16_AC
  Relative segment, address: 1040 - 1067 (0x28 bytes), align: 0
  Segment part 4. ROOT        Intra module refs:   GetPropertiesCS
           ENTRY                   ADDRESS         REF BY
           =====                   =======         ======
           ee_config               1040 
    -------------------------------------------------------------------------
DATA16_I
  Relative segment, address: 0200 - 0201 (0x2 bytes), align: 1
  Segment part 6.             Intra module refs:   ?Subroutine1
                                                   ?Subroutine2
                                                   ?Subroutine5
                                                   SavePropertyCS
                                                   StorageProperty
                                                   StoragePropertyWord
           ENTRY                   ADDRESS         REF BY
           =====                   =======         ======
           SegCBackup              0200 
    -------------------------------------------------------------------------
<CODE> 1 (was CODE)
  Relative segment, address: F850 - F861 (0x12 bytes), align: 1
  Segment part 9.             Intra module refs:   ?Subroutine1
                                                   StorageProperty
           LOCAL                   ADDRESS         
           =====                   =======         
           ?Subroutine6            F850 
    -------------------------------------------------------------------------
<CODE> 1 (was CODE)
  Relative segment, address: F7B2 - F7CB (0x1a bytes), align: 1
  Segment part 11.            Intra module refs:   ?Subroutine1
                                                   StorageProperty
           ENTRY                   ADDRESS         REF BY
           =====                   =======         ======
           FlashEraseSegment       F7B2 
    -------------------------------------------------------------------------
<CODE> 1 (was CODE)
  Relative segment, address: F8F2 - F8FF (0xe bytes), align: 1
  Segment part 15.            Intra module refs:   ?Subroutine3
                                                   FlashEraseSegment
           LOCAL                   ADDRESS         
           =====                   =======         
           ?Subroutine7            F8F2 
    -------------------------------------------------------------------------
<CODE> 1 (was CODE)
  Relative segment, address: F83C - F84F (0x14 bytes), align: 1
  Segment part 16.            Intra module refs:   FlashEraseSegment
                                                   FlashWriteArray
           LOCAL                   ADDRESS         
           =====                   =======         
           ?Subroutine0            F83C 
    -------------------------------------------------------------------------
<CODE> 1 (was CODE)
  Relative segment, address: F90C - F917 (0xc bytes), align: 1
  Segment part 14.            Intra module refs:   FlashWriteArray
           LOCAL                   ADDRESS         
           =====                   =======         
           ?Subroutine3            F90C 
    -------------------------------------------------------------------------
<CODE> 1 (was CODE)
  Relative segment, address: F5D0 - F60B (0x3c bytes), align: 1
  Segment part 17.            Intra module refs:   ?Subroutine2
           ENTRY                   ADDRESS         REF BY
           =====                   =======         ======
           FlashWriteArray         F5D0 
               calls direct
    -------------------------------------------------------------------------
<CODE> 1 (was CODE)
  Relative segment, address: F900 - F90B (0xc bytes), align: 1
  Segment part 21.            Intra module refs:   StorageProperty
           LOCAL                   ADDRESS         
           =====                   =======         
           ?Subroutine5            F900 
    -------------------------------------------------------------------------
<CODE> 1 (was CODE)
  Relative segment, address: F644 - F675 (0x32 bytes), align: 1
  Segment part 20.            Intra module refs:   StoragePropertyByte
           ENTRY                   ADDRESS         REF BY
           =====                   =======         ======
           StorageProperty         F644            SoftUART_RxParse (soft_uart)
               calls direct
    -------------------------------------------------------------------------
<CODE> 1 (was CODE)
  Relative segment, address: F7CC - F7E3 (0x18 bytes), align: 1
  Segment part 22.            Intra module refs:   SavePropertyCS
                                                   StorageProperty
                                                   StoragePropertyWord
           LOCAL                   ADDRESS         
           =====                   =======         
           ?Subroutine2            F7CC 
    -------------------------------------------------------------------------
<CODE> 1 (was CODE)
  Relative segment, address: F886 - F897 (0x12 bytes), align: 1
  Segment part 23.
           ENTRY                   ADDRESS         REF BY
           =====                   =======         ======
           StoragePropertyByte     F886            CalibrationResultAnalise (main)
               calls direct
    -------------------------------------------------------------------------
<CODE> 1 (was CODE)
  Relative segment, address: F77A - F797 (0x1e bytes), align: 1
  Segment part 24.
           ENTRY                   ADDRESS         REF BY
           =====                   =======         ======
           StoragePropertyWord     F77A            ?Subroutine0 (main)
                                                   ?Subroutine32 (main)
                                                   CalibrationResultAnalise (main)
                                                   Segment part 103 (main)
                                                   main (main)
               calls direct
    -------------------------------------------------------------------------
<CODE> 1 (was CODE)
  Relative segment, address: F7FC - F813 (0x18 bytes), align: 1
  Segment part 25.            Intra module refs:   SavePropertyCS
           ENTRY                   ADDRESS         REF BY
           =====                   =======         ======
           GetPropertiesCS         F7FC            DeviceDiagnostics (main)
    -------------------------------------------------------------------------
<CODE> 1 (was CODE)
  Relative segment, address: F75C - F779 (0x1e bytes), align: 1
  Segment part 26.
           ENTRY                   ADDRESS         REF BY
           =====                   =======         ======
           SavePropertyCS          F75C            ?Subroutine32 (main)
                                                   SoftUART_RxParse (soft_uart)
               calls direct
    -------------------------------------------------------------------------
DATA16_ID
  Relative segment, address: E034 - E035 (0x2 bytes), align: 1
  Segment part 7.             Intra module refs:   SegCBackup
    -------------------------------------------------------------------------
<CODE> 1 (was CODE)
  Relative segment, address: F6D4 - F6F7 (0x24 bytes), align: 1
  Segment part 27.            Intra module refs:   SavePropertyCS
                                                   StoragePropertyWord
           LOCAL                   ADDRESS         
           =====                   =======         
           ?Subroutine1            F6D4 

    *************************************************************************

  FILE NAME : E:\_ARTON_PROJ\Arton-DL1-R\BP\soft\git\IAR\Debug\Obj\hardware.r43
  PROGRAM MODULE, NAME : hardware

  SEGMENTS IN THE MODULE
  ======================
DATA16_AN
  Relative segment, address: 0056 - 0056 (0x1 bytes), align: 0
  Segment part 1. ROOT        Intra module refs:   PORT2_ISR
                                                   main (main)
           ENTRY                   ADDRESS         REF BY
           =====                   =======         ======
           DCOCTL                  0056 
    -------------------------------------------------------------------------
DATA16_AN
  Relative segment, address: 0057 - 0057 (0x1 bytes), align: 0
  Segment part 2. ROOT        Intra module refs:   PORT2_ISR
                                                   main (main)
           ENTRY                   ADDRESS         REF BY
           =====                   =======         ======
           BCSCTL1                 0057 
    -------------------------------------------------------------------------
DATA16_AN
  Relative segment, address: 0020 - 0020 (0x1 bytes), align: 0
  Segment part 3. ROOT        Intra module refs:   PORT1_ISR
           ENTRY                   ADDRESS         REF BY
           =====                   =======         ======
           P1IN                    0020 
    -------------------------------------------------------------------------
DATA16_AN
  Relative segment, address: 0021 - 0021 (0x1 bytes), align: 0
  Segment part 4. ROOT        Intra module refs:   AMP_SetGain
                                                   BUT_INT_Init
                                                   GPIO_Init
                                                   main (main)
           ENTRY                   ADDRESS         REF BY
           =====                   =======         ======
           P1OUT                   0021 
    -------------------------------------------------------------------------
DATA16_AN
  Relative segment, address: 0022 - 0022 (0x1 bytes), align: 0
  Segment part 5. ROOT        Intra module refs:   BUT_INT_Init
                                                   GPIO_Init
           ENTRY                   ADDRESS         REF BY
           =====                   =======         ======
           P1DIR                   0022 
    -------------------------------------------------------------------------
DATA16_AN
  Relative segment, address: 0023 - 0023 (0x1 bytes), align: 0
  Segment part 6. ROOT        Intra module refs:   ADC_Measure_Simple (main)
                                                   BUT_INT_Init
                                                   PORT1_ISR
           ENTRY                   ADDRESS         REF BY
           =====                   =======         ======
           P1IFG                   0023 
    -------------------------------------------------------------------------
DATA16_AN
  Relative segment, address: 0024 - 0024 (0x1 bytes), align: 0
  Segment part 7. ROOT        Intra module refs:   BUT_INT_Init
                                                   PORT1_ISR
           ENTRY                   ADDRESS         REF BY
           =====                   =======         ======
           P1IES                   0024 
    -------------------------------------------------------------------------
DATA16_AN
  Relative segment, address: 0025 - 0025 (0x1 bytes), align: 0
  Segment part 8. ROOT        Intra module refs:   ADC_Measure_Simple (main)
                                                   BUT_INT_Init
           ENTRY                   ADDRESS         REF BY
           =====                   =======         ======
           P1IE                    0025 
    -------------------------------------------------------------------------
DATA16_AN
  Relative segment, address: 0026 - 0026 (0x1 bytes), align: 0
  Segment part 9. ROOT        Intra module refs:   GPIO_Init
           ENTRY                   ADDRESS         REF BY
           =====                   =======         ======
           P1SEL                   0026 
    -------------------------------------------------------------------------
DATA16_AN
  Relative segment, address: 0027 - 0027 (0x1 bytes), align: 0
  Segment part 10. ROOT       Intra module refs:   ADC_Measure_Simple (main)
                                                   BUT_INT_Init
           ENTRY                   ADDRESS         REF BY
           =====                   =======         ======
           P1REN                   0027 
    -------------------------------------------------------------------------
DATA16_AN
  Relative segment, address: 0028 - 0028 (0x1 bytes), align: 0
  Segment part 11. ROOT       Intra module refs:   PORT2_ISR
                                                   main (main)
           ENTRY                   ADDRESS         REF BY
           =====                   =======         ======
           P2IN                    0028 
    -------------------------------------------------------------------------
DATA16_AN
  Relative segment, address: 0029 - 0029 (0x1 bytes), align: 0
  Segment part 12. ROOT       Intra module refs:   CalibrationResultAnalise (main)
                                                   FaultSignalManager (main)
                                                   GPIO_Init
                                                   INTER_INT_Init
                                                   SoftUART_SendByte (soft_uart)
                                                   SoftUART_TxMode_ON (soft_uart)
                                                   SoftUART_TxString (soft_uart)
                                                   main (main)
           ENTRY                   ADDRESS         REF BY
           =====                   =======         ======
           P2OUT                   0029 
    -------------------------------------------------------------------------
DATA16_AN
  Relative segment, address: 002A - 002A (0x1 bytes), align: 0
  Segment part 13. ROOT       Intra module refs:   GPIO_Init
                                                   INTER_INT_Init
                                                   SoftUART_TxMode_OFF (soft_uart)
                                                   SoftUART_TxMode_ON (soft_uart)
                                                   main (main)
           ENTRY                   ADDRESS         REF BY
           =====                   =======         ======
           P2DIR                   002A 
    -------------------------------------------------------------------------
DATA16_AN
  Relative segment, address: 002B - 002B (0x1 bytes), align: 0
  Segment part 14. ROOT       Intra module refs:   GPIO_Init
                                                   INTER_INT_Init
                                                   PORT2_ISR
                                                   STROB_IE_Enable
                                                   SoftUART_ResetReceiveByte (soft_uart)
                                                   main (main)
           ENTRY                   ADDRESS         REF BY
           =====                   =======         ======
           P2IFG                   002B 
    -------------------------------------------------------------------------
DATA16_AN
  Relative segment, address: 002C - 002C (0x1 bytes), align: 0
  Segment part 15. ROOT       Intra module refs:   GPIO_Init
                                                   INTER_INT_Init
           ENTRY                   ADDRESS         REF BY
           =====                   =======         ======
           P2IES                   002C 
    -------------------------------------------------------------------------
DATA16_AN
  Relative segment, address: 002D - 002D (0x1 bytes), align: 0
  Segment part 16. ROOT       Intra module refs:   GPIO_Init
                                                   INTER_INT_Init
                                                   PORT2_ISR
                                                   STROB_IE_Enable
                                                   SoftUART_ResetReceiveByte (soft_uart)
                                                   SoftUART_SetReceiveByte (soft_uart)
           ENTRY                   ADDRESS         REF BY
           =====                   =======         ======
           P2IE                    002D 
    -------------------------------------------------------------------------
DATA16_AN
  Relative segment, address: 002E - 002E (0x1 bytes), align: 0
  Segment part 17. ROOT       Intra module refs:   GPIO_Init
           ENTRY                   ADDRESS         REF BY
           =====                   =======         ======
           P2SEL                   002E 
    -------------------------------------------------------------------------
DATA16_AN
  Relative segment, address: 002F - 002F (0x1 bytes), align: 0
  Segment part 18. ROOT       Intra module refs:   INTER_INT_Init
                                                   SoftUART_TxMode_OFF (soft_uart)
                                                   SoftUART_TxMode_ON (soft_uart)
           ENTRY                   ADDRESS         REF BY
           =====                   =======         ======
           P2REN                   002F 
    -------------------------------------------------------------------------
DATA16_AN
  Relative segment, address: 10FC - 10FC (0x1 bytes), align: 0
  Segment part 19. ROOT       Intra module refs:   PORT2_ISR
                                                   main (main)
           ENTRY                   ADDRESS         REF BY
           =====                   =======         ======
           CALDCO_8MHZ             10FC 
    -------------------------------------------------------------------------
DATA16_AN
  Relative segment, address: 10FD - 10FD (0x1 bytes), align: 0
  Segment part 20. ROOT       Intra module refs:   PORT2_ISR
                                                   main (main)
           ENTRY                   ADDRESS         REF BY
           =====                   =======         ======
           CALBC1_8MHZ             10FD 
    -------------------------------------------------------------------------
DATA16_Z
  Relative segment, address: 0334 - 0334 (0x1 bytes), align: 0
  Segment part 24.            Intra module refs:   PORT1_ISR
                                                   PORT2_ISR
           LOCAL                   ADDRESS         
           =====                   =======         
           i                       0334 
    -------------------------------------------------------------------------
DATA16_Z
  Relative segment, address: 0335 - 0335 (0x1 bytes), align: 0
  Segment part 26.            Intra module refs:   PORT1_ISR
           LOCAL                   ADDRESS         
           =====                   =======         
           but                     0335 
    -------------------------------------------------------------------------
<CODE> 1 (was CODE)
  Relative segment, address: F45A - F4DB (0x82 bytes), align: 1
  Segment part 27.            Intra module refs:   PORT1_ISR::??INTVEC 4
           ENTRY                   ADDRESS         REF BY
           =====                   =======         ======
           PORT1_ISR               F45A 
               interrupt function
               calls direct
    -------------------------------------------------------------------------
<CODE> 1 (was CODE)
  Relative segment, address: F4DC - F54F (0x74 bytes), align: 1
  Segment part 28.            Intra module refs:   PORT2_ISR::??INTVEC 6
           ENTRY                   ADDRESS         REF BY
           =====                   =======         ======
           PORT2_ISR               F4DC 
               interrupt function
    -------------------------------------------------------------------------
<CODE> 1 (was CODE)
  Relative segment, address: F8D6 - F8E3 (0xe bytes), align: 1
  Segment part 29.
           ENTRY                   ADDRESS         REF BY
           =====                   =======         ======
           STROB_IE_Enable         F8D6            main (main)
    -------------------------------------------------------------------------
<CODE> 1 (was CODE)
  Relative segment, address: F394 - F3AD (0x1a bytes), align: 1
  Segment part 31.            Intra module refs:   GPIO_Init
           ENTRY                   ADDRESS         REF BY
           =====                   =======         ======
           BUT_INT_Init            F394 
    -------------------------------------------------------------------------
<CODE> 1 (was CODE)
  Relative segment, address: F3AE - F3D3 (0x26 bytes), align: 1
  Segment part 32.            Intra module refs:   GPIO_Init
           ENTRY                   ADDRESS         REF BY
           =====                   =======         ======
           INTER_INT_Init          F3AE 
    -------------------------------------------------------------------------
<CODE> 1 (was CODE)
  Relative segment, address: F3D4 - F3DF (0xc bytes), align: 1
  Segment part 34.            Intra module refs:   GPIO_Init
           LOCAL                   ADDRESS         
           =====                   =======         
           ?Subroutine0            F3D4 
    -------------------------------------------------------------------------
<CODE> 1 (was CODE)
  Relative segment, address: F3E0 - F3E5 (0x6 bytes), align: 1
  Segment part 35.            Intra module refs:   ?Subroutine0
    -------------------------------------------------------------------------
<CODE> 1 (was CODE)
  Relative segment, address: F3E6 - F403 (0x1e bytes), align: 1
  Segment part 36.
           ENTRY                   ADDRESS         REF BY
           =====                   =======         ======
           AMP_SetGain             F3E6            CalibrationResultAnalise (main)
                                                   main (main)
    -------------------------------------------------------------------------
<CODE> 1 (was CODE)
  Relative segment, address: F404 - F459 (0x56 bytes), align: 1
  Segment part 37.
           ENTRY                   ADDRESS         REF BY
           =====                   =======         ======
           GPIO_Init               F404            main (main)
               calls direct
    -------------------------------------------------------------------------
INTVEC
  Common segment, address: FFE0 - FFE5 (0x6 bytes), align: 1
  Segment part 21. ROOT 
           ENTRY                   ADDRESS         REF BY
           =====                   =======         ======
           PORT1_ISR::??INTVEC 4   FFE4 
    -------------------------------------------------------------------------
INTVEC
  Common segment, address: FFE0 - FFE7 (0x8 bytes), align: 1
  Segment part 22. ROOT 
           ENTRY                   ADDRESS         REF BY
           =====                   =======         ======
           PORT2_ISR::??INTVEC 6   FFE6 

    *************************************************************************

  FILE NAME : E:\_ARTON_PROJ\Arton-DL1-R\BP\soft\git\IAR\Debug\Obj\main.r43
  PROGRAM MODULE, NAME : main

  SEGMENTS IN THE MODULE
  ======================
DATA16_AN
  Relative segment, address: 0000 - 0000 (0x1 bytes), align: 0
  Segment part 1. ROOT        Intra module refs:   main
           ENTRY                   ADDRESS         REF BY
           =====                   =======         ======
           IE1                     0000 
    -------------------------------------------------------------------------
DATA16_AN
  Relative segment, address: 0002 - 0002 (0x1 bytes), align: 0
  Segment part 2. ROOT        Intra module refs:   main
           ENTRY                   ADDRESS         REF BY
           =====                   =======         ======
           IFG1                    0002 
    -------------------------------------------------------------------------
DATA16_AN
  Relative segment, address: 0049 - 0049 (0x1 bytes), align: 0
  Segment part 3. ROOT        Intra module refs:   ADC_Measure_Simple
                                                   main
           ENTRY                   ADDRESS         REF BY
           =====                   =======         ======
           ADC10DTC1               0049 
    -------------------------------------------------------------------------
DATA16_AN
  Relative segment, address: 004A - 004A (0x1 bytes), align: 0
  Segment part 4. ROOT        Intra module refs:   ADC_Measure_Simple
                                                   main
           ENTRY                   ADDRESS         REF BY
           =====                   =======         ======
           ADC10AE0                004A 
    -------------------------------------------------------------------------
DATA16_AN
  Relative segment, address: 01B0 - 01B1 (0x2 bytes), align: 0
  Segment part 5. ROOT        Intra module refs:   ADC_Measure_Simple
                                                   main
           ENTRY                   ADDRESS         REF BY
           =====                   =======         ======
           ADC10CTL0               01B0 
    -------------------------------------------------------------------------
DATA16_AN
  Relative segment, address: 01B2 - 01B3 (0x2 bytes), align: 0
  Segment part 6. ROOT        Intra module refs:   ADC_Measure_Simple
                                                   main
           ENTRY                   ADDRESS         REF BY
           =====                   =======         ======
           ADC10CTL1               01B2 
    -------------------------------------------------------------------------
DATA16_AN
  Relative segment, address: 01BC - 01BD (0x2 bytes), align: 0
  Segment part 7. ROOT        Intra module refs:   ADC_Measure_Simple
                                                   main
           ENTRY                   ADDRESS         REF BY
           =====                   =======         ======
           ADC10SA                 01BC 
    -------------------------------------------------------------------------
DATA16_AN
  Relative segment, address: 0053 - 0053 (0x1 bytes), align: 0
  Segment part 10. ROOT       Intra module refs:   main
           ENTRY                   ADDRESS         REF BY
           =====                   =======         ======
           BCSCTL3                 0053 
    -------------------------------------------------------------------------
DATA16_AN
  Relative segment, address: 0160 - 0161 (0x2 bytes), align: 0
  Segment part 19. ROOT       Intra module refs:   SoftUART_ResetReceiveByte (soft_uart)
                                                   SoftUART_SetReceiveByte (soft_uart)
                                                   VLO_TimerCalibr
                                                   main
           ENTRY                   ADDRESS         REF BY
           =====                   =======         ======
           TA0CTL                  0160 
    -------------------------------------------------------------------------
DATA16_AN
  Relative segment, address: 0162 - 0163 (0x2 bytes), align: 0
  Segment part 20. ROOT       Intra module refs:   SoftUART_ResetReceiveByte (soft_uart)
                                                   SoftUART_SetReceiveByte (soft_uart)
                                                   VLO_TimerCalibr
                                                   main
           ENTRY                   ADDRESS         REF BY
           =====                   =======         ======
           TA0CCTL0                0162 
    -------------------------------------------------------------------------
DATA16_AN
  Relative segment, address: 0164 - 0165 (0x2 bytes), align: 0
  Segment part 21. ROOT       Intra module refs:   SoftUART_SetReceiveByte (soft_uart)
                                                   VLO_TimerCalibr
           ENTRY                   ADDRESS         REF BY
           =====                   =======         ======
           TA0CCTL1                0164 
    -------------------------------------------------------------------------
DATA16_AN
  Relative segment, address: 0170 - 0171 (0x2 bytes), align: 0
  Segment part 22. ROOT       Intra module refs:   SoftUART_SetReceiveByte (soft_uart)
                                                   main
           ENTRY                   ADDRESS         REF BY
           =====                   =======         ======
           TA0R                    0170 
    -------------------------------------------------------------------------
DATA16_AN
  Relative segment, address: 0172 - 0173 (0x2 bytes), align: 0
  Segment part 23. ROOT       Intra module refs:   SoftUART_SetReceiveByte (soft_uart)
                                                   VLO_TimerCalibr
                                                   main
           ENTRY                   ADDRESS         REF BY
           =====                   =======         ======
           TA0CCR0                 0172 
    -------------------------------------------------------------------------
DATA16_AN
  Relative segment, address: 0180 - 0181 (0x2 bytes), align: 0
  Segment part 24. ROOT       Intra module refs:   main
           ENTRY                   ADDRESS         REF BY
           =====                   =======         ======
           TA1CTL                  0180 
    -------------------------------------------------------------------------
DATA16_AN
  Relative segment, address: 0182 - 0183 (0x2 bytes), align: 0
  Segment part 25. ROOT       Intra module refs:   main
           ENTRY                   ADDRESS         REF BY
           =====                   =======         ======
           TA1CCTL0                0182 
    -------------------------------------------------------------------------
DATA16_AN
  Relative segment, address: 0190 - 0191 (0x2 bytes), align: 0
  Segment part 26. ROOT       Intra module refs:   main
           ENTRY                   ADDRESS         REF BY
           =====                   =======         ======
           TA1R                    0190 
    -------------------------------------------------------------------------
DATA16_AN
  Relative segment, address: 0192 - 0193 (0x2 bytes), align: 0
  Segment part 27. ROOT       Intra module refs:   main
           ENTRY                   ADDRESS         REF BY
           =====                   =======         ======
           TA1CCR0                 0192 
    -------------------------------------------------------------------------
DATA16_AN
  Relative segment, address: 0120 - 0121 (0x2 bytes), align: 0
  Segment part 28. ROOT       Intra module refs:   main
                                                   watchdog_timer
           ENTRY                   ADDRESS         REF BY
           =====                   =======         ======
           WDTCTL                  0120 
    -------------------------------------------------------------------------
DATA16_AN
  Relative segment, address: 10F8 - 10F8 (0x1 bytes), align: 0
  Segment part 29. ROOT       Intra module refs:   main
           ENTRY                   ADDRESS         REF BY
           =====                   =======         ======
           CALDCO_16MHZ            10F8 
    -------------------------------------------------------------------------
DATA16_AN
  Relative segment, address: 10F9 - 10F9 (0x1 bytes), align: 0
  Segment part 30. ROOT       Intra module refs:   main
           ENTRY                   ADDRESS         REF BY
           =====                   =======         ======
           CALBC1_16MHZ            10F9 
    -------------------------------------------------------------------------
DATA16_AN
  Relative segment, address: 10FE - 10FE (0x1 bytes), align: 0
  Segment part 33. ROOT       Intra module refs:   main
           ENTRY                   ADDRESS         REF BY
           =====                   =======         ======
           CALDCO_1MHZ             10FE 
    -------------------------------------------------------------------------
DATA16_AN
  Relative segment, address: 10FF - 10FF (0x1 bytes), align: 0
  Segment part 34. ROOT       Intra module refs:   main
           ENTRY                   ADDRESS         REF BY
           =====                   =======         ======
           CALBC1_1MHZ             10FF 
    -------------------------------------------------------------------------
REGVAR_AN
  Relative segment, address: REGISTER 0008 - 0009 (0x2 bytes), align: 0
  Segment part 35. ROOT       Intra module refs:   ADC10_ISR
                                                   ADC_Measure_Simple
                                                   CCR0_ISR
                                                   VLO_TimerCalibr
                                                   main
                                                   watchdog_timer
           ENTRY                   ADDRESS         REF BY
           =====                   =======         ======
           f                       0008            PORT1_ISR (hardware)
                                                   PORT2_ISR (hardware)
                                                   SoftUART_ResetReceiveByte (soft_uart)
                                                   SoftUART_RxParse (soft_uart)
                                                   SoftUART_SendByte (soft_uart)
                                                   SoftUART_SetReceiveByte (soft_uart)
                                                   SoftUART_TxString (soft_uart)
    -------------------------------------------------------------------------
DATA16_Z
  Relative segment, address: 0202 - 0203 (0x2 bytes), align: 1
  Segment part 41.            Intra module refs:   main
           ENTRY                   ADDRESS         REF BY
           =====                   =======         ======
           timerMain               0202 
    -------------------------------------------------------------------------
DATA16_Z
  Relative segment, address: 0204 - 0205 (0x2 bytes), align: 1
  Segment part 44.            Intra module refs:   main
           ENTRY                   ADDRESS         REF BY
           =====                   =======         ======
           timerKeyDown            0204 
    -------------------------------------------------------------------------
DATA16_Z
  Relative segment, address: 0336 - 0336 (0x1 bytes), align: 0
  Segment part 46.            Intra module refs:   ?Subroutine34
                                                   ?Subroutine9
                                                   CalibrationResultAnalise
                                                   FaultSignalManager
                                                   SignalAnalysis
                                                   main
           ENTRY                   ADDRESS         REF BY
           =====                   =======         ======
           DeviceMode              0336 
    -------------------------------------------------------------------------
DATA16_Z
  Relative segment, address: 0337 - 0337 (0x1 bytes), align: 0
  Segment part 47.            Intra module refs:   ?Subroutine11
                                                   ?Subroutine9
                                                   DeviceDiagnostics
                                                   FaultSignalManager
                                                   main
           ENTRY                   ADDRESS         REF BY
           =====                   =======         ======
           DeviceFault             0337            SoftUART_RxParse (soft_uart)
    -------------------------------------------------------------------------
DATA16_Z
  Relative segment, address: 0338 - 0338 (0x1 bytes), align: 0
  Segment part 48.            Intra module refs:   ?Subroutine11
                                                   CalibrationResultAnalise
                                                   FaultSignalManager
                                                   main
           ENTRY                   ADDRESS         REF BY
           =====                   =======         ======
           CalibrFault             0338 
    -------------------------------------------------------------------------
DATA16_Z
  Relative segment, address: 0206 - 0207 (0x2 bytes), align: 1
  Segment part 49.
           ENTRY                   ADDRESS         REF BY
           =====                   =======         ======
           dark                    0206            SoftUART_RxParse (soft_uart)
    -------------------------------------------------------------------------
DATA16_Z
  Relative segment, address: 0208 - 0209 (0x2 bytes), align: 1
  Segment part 50.            Intra module refs:   SignalAnalysis
                                                   main
           ENTRY                   ADDRESS         REF BY
           =====                   =======         ======
           delta                   0208            SoftUART_RxParse (soft_uart)
    -------------------------------------------------------------------------
DATA16_Z
  Relative segment, address: 020A - 020B (0x2 bytes), align: 1
  Segment part 51.            Intra module refs:   main
           ENTRY                   ADDRESS         REF BY
           =====                   =======         ======
           delta_last              020A 
    -------------------------------------------------------------------------
DATA16_Z
  Relative segment, address: 020C - 020D (0x2 bytes), align: 1
  Segment part 52.            Intra module refs:   main
           ENTRY                   ADDRESS         REF BY
           =====                   =======         ======
           zero_timer              020C 
    -------------------------------------------------------------------------
DATA16_Z
  Relative segment, address: 020E - 020F (0x2 bytes), align: 1
  Segment part 55.            Intra module refs:   Segment part 159
                                                   main
           ENTRY                   ADDRESS         REF BY
           =====                   =======         ======
           DriftCounter            020E 
    -------------------------------------------------------------------------
DATA16_Z
  Relative segment, address: 0210 - 0213 (0x4 bytes), align: 1
  Segment part 56.            Intra module refs:   Segment part 159
                                                   main
           ENTRY                   ADDRESS         REF BY
           =====                   =======         ======
           DriftSumma              0210 
    -------------------------------------------------------------------------
DATA16_Z
  Relative segment, address: 0214 - 0217 (0x4 bytes), align: 1
  Segment part 57.            Intra module refs:   Segment part 159
                                                   main
           ENTRY                   ADDRESS         REF BY
           =====                   =======         ======
           DriftLevel              0214 
    -------------------------------------------------------------------------
DATA16_Z
  Relative segment, address: 0339 - 0339 (0x1 bytes), align: 0
  Segment part 59.            Intra module refs:   main
                                                   watchdog_timer
           ENTRY                   ADDRESS         REF BY
           =====                   =======         ======
           Timer50msCounter        0339 
    -------------------------------------------------------------------------
DATA16_Z
  Relative segment, address: 0218 - 02DF (0xc8 bytes), align: 1
  Segment part 60.            Intra module refs:   ?Subroutine15
                                                   ?Subroutine31
                                                   SignalAnalysis
                                                   main
           ENTRY                   ADDRESS         REF BY
           =====                   =======         ======
           signal_array            0218            Segment part 7 (flash)
    -------------------------------------------------------------------------
DATA16_Z
  Relative segment, address: 02E0 - 02E3 (0x4 bytes), align: 1
  Segment part 61.            Intra module refs:   ?Subroutine22
                                                   ?Subroutine24
                                                   main
           ENTRY                   ADDRESS         REF BY
           =====                   =======         ======
           led_r                   02E0 
    -------------------------------------------------------------------------
DATA16_Z
  Relative segment, address: 02E4 - 02E7 (0x4 bytes), align: 1
  Segment part 62.            Intra module refs:   ?Subroutine24
                                                   FaultSignalManager
                                                   main
           ENTRY                   ADDRESS         REF BY
           =====                   =======         ======
           led_y                   02E4 
    -------------------------------------------------------------------------
DATA16_Z
  Relative segment, address: 02E8 - 02EB (0x4 bytes), align: 1
  Segment part 63.            Intra module refs:   main
           ENTRY                   ADDRESS         REF BY
           =====                   =======         ======
           led_sh                  02E8 
    -------------------------------------------------------------------------
DATA16_Z
  Relative segment, address: 033A - 033A (0x1 bytes), align: 0
  Segment part 64.            Intra module refs:   Timer_A1_ISR
                                                   main
           ENTRY                   ADDRESS         REF BY
           =====                   =======         ======
           fTimerA1_On             033A 
    -------------------------------------------------------------------------
DATA16_Z
  Relative segment, address: 033B - 033B (0x1 bytes), align: 0
  Segment part 65.            Intra module refs:   main
           ENTRY                   ADDRESS         REF BY
           =====                   =======         ======
           calibr_stage            033B 
    -------------------------------------------------------------------------
DATA16_Z
  Relative segment, address: 02EC - 02F7 (0xc bytes), align: 1
  Segment part 66.            Intra module refs:   CalibrationResultAnalise
                                                   main
           ENTRY                   ADDRESS         REF BY
           =====                   =======         ======
           s_array                 02EC 
    -------------------------------------------------------------------------
DATA16_Z
  Relative segment, address: 033C - 0341 (0x6 bytes), align: 0
  Segment part 67.            Intra module refs:   CalibrationResultAnalise
                                                   main
           ENTRY                   ADDRESS         REF BY
           =====                   =======         ======
           q_array                 033C 
    -------------------------------------------------------------------------
DATA16_C
  Relative segment, address: E000 - E011 (0x12 bytes), align: 0
  Segment part 68.            Intra module refs:   CalibrationResultAnalise
                                                   main
           ENTRY                   ADDRESS         REF BY
           =====                   =======         ======
           calibr_sequence         E000 
    -------------------------------------------------------------------------
DATA16_C
  Relative segment, address: E012 - E019 (0x8 bytes), align: 0
  Segment part 69.            Intra module refs:   main
           ENTRY                   ADDRESS         REF BY
           =====                   =======         ======
           fault_sequence          E012 
    -------------------------------------------------------------------------
DATA16_Z
  Relative segment, address: 0342 - 0342 (0x1 bytes), align: 0
  Segment part 70.            Intra module refs:   main
           ENTRY                   ADDRESS         REF BY
           =====                   =======         ======
           fault_chain_ind         0342 
    -------------------------------------------------------------------------
DATA16_Z
  Relative segment, address: 02F8 - 02F9 (0x2 bytes), align: 1
  Segment part 71.            Intra module refs:   main
           ENTRY                   ADDRESS         REF BY
           =====                   =======         ======
           fault_chain_timer       02F8 
    -------------------------------------------------------------------------
DATA16_Z
  Relative segment, address: 0343 - 0343 (0x1 bytes), align: 0
  Segment part 72.            Intra module refs:   ?Subroutine23
                                                   CalibrationResultAnalise
                                                   main
           ENTRY                   ADDRESS         REF BY
           =====                   =======         ======
           gain                    0343 
    -------------------------------------------------------------------------
DATA16_Z
  Relative segment, address: 0344 - 0344 (0x1 bytes), align: 0
  Segment part 73.            Intra module refs:   ?Subroutine23
                                                   CalibrationResultAnalise
                                                   SignalAnalysis
                                                   main
           ENTRY                   ADDRESS         REF BY
           =====                   =======         ======
           amp_no                  0344 
    -------------------------------------------------------------------------
DATA16_Z
  Relative segment, address: 0345 - 0345 (0x1 bytes), align: 0
  Segment part 74.            Intra module refs:   ?Subroutine23
                                                   CalibrationResultAnalise
                                                   main
           ENTRY                   ADDRESS         REF BY
           =====                   =======         ======
           reference               0345 
    -------------------------------------------------------------------------
DATA16_Z
  Relative segment, address: 02FA - 02FB (0x2 bytes), align: 1
  Segment part 75.            Intra module refs:   CalibrationResultAnalise
                                                   main
           ENTRY                   ADDRESS         REF BY
           =====                   =======         ======
           cfg_reg                 02FA 
    -------------------------------------------------------------------------
DATA16_Z
  Relative segment, address: 0346 - 0346 (0x1 bytes), align: 0
  Segment part 76.            Intra module refs:   main
           ENTRY                   ADDRESS         REF BY
           =====                   =======         ======
           jp1_state               0346 
    -------------------------------------------------------------------------
DATA16_Z
  Relative segment, address: 0347 - 0347 (0x1 bytes), align: 0
  Segment part 77.            Intra module refs:   ?Subroutine15
                                                   ADC10_ISR
                                                   ADC_Measure_Simple
           ENTRY                   ADDRESS         REF BY
           =====                   =======         ======
           adc_process             0347 
    -------------------------------------------------------------------------
DATA16_Z
  Relative segment, address: 02FC - 02FD (0x2 bytes), align: 1
  Segment part 78.            Intra module refs:   main
           ENTRY                   ADDRESS         REF BY
           =====                   =======         ======
           light_timer             02FC 
    -------------------------------------------------------------------------
DATA16_Z
  Relative segment, address: 0348 - 0348 (0x1 bytes), align: 0
  Segment part 79.            Intra module refs:   main
           ENTRY                   ADDRESS         REF BY
           =====                   =======         ======
           light_sync              0348 
    -------------------------------------------------------------------------
DATA16_Z
  Relative segment, address: 02FE - 02FF (0x2 bytes), align: 1
  Segment part 80.            Intra module refs:   ?Subroutine12
                                                   FaultSignalManager
                                                   main
           ENTRY                   ADDRESS         REF BY
           =====                   =======         ======
           strob_pulse_timer       02FE 
    -------------------------------------------------------------------------
DATA16_Z
  Relative segment, address: 0300 - 0301 (0x2 bytes), align: 1
  Segment part 82.            Intra module refs:   main
           ENTRY                   ADDRESS         REF BY
           =====                   =======         ======
           hi_signal_counter       0300 
    -------------------------------------------------------------------------
DATA16_Z
  Relative segment, address: 0302 - 0303 (0x2 bytes), align: 1
  Segment part 83.            Intra module refs:   ?Subroutine12
                                                   ?Subroutine25
                                                   ?Subroutine33
                                                   FaultSignalManager
                                                   main
           ENTRY                   ADDRESS         REF BY
           =====                   =======         ======
           fault_timer             0302 
    -------------------------------------------------------------------------
DATA16_Z
  Relative segment, address: 0349 - 0349 (0x1 bytes), align: 0
  Segment part 84.            Intra module refs:   ?Subroutine25
                                                   ?Subroutine33
                                                   FaultSignalManager
                                                   main
           ENTRY                   ADDRESS         REF BY
           =====                   =======         ======
           fault_phase             0349 
    -------------------------------------------------------------------------
DATA16_Z
  Relative segment, address: 0304 - 0305 (0x2 bytes), align: 1
  Segment part 85.            Intra module refs:   main
           ENTRY                   ADDRESS         REF BY
           =====                   =======         ======
           start_timer             0304 
    -------------------------------------------------------------------------
DATA16_Z
  Relative segment, address: 0306 - 0307 (0x2 bytes), align: 1
  Segment part 86.            Intra module refs:   main
           ENTRY                   ADDRESS         REF BY
           =====                   =======         ======
           flash_period_timer      0306 
    -------------------------------------------------------------------------
<CODE> 1 (was CODE)
  Relative segment, address: F550, align: 1
  Segment part 95.            Intra module refs:   main
           ENTRY                   ADDRESS         REF BY
           =====                   =======         ======
           VLO_TimerCalibr         F550            SoftUART_RxParse (soft_uart)
               calls direct
    -------------------------------------------------------------------------
<CODE> 1 (was CODE)
  Relative segment, address: F550 - F58F (0x40 bytes), align: 1
  Segment part 96.            Intra module refs:   VLO_TimerCalibr
           LOCAL                   ADDRESS         
           =====                   =======         
           ?Subroutine2            F550 
    -------------------------------------------------------------------------
<CODE> 1 (was CODE)
  Relative segment, address: E05E - E071 (0x14 bytes), align: 1
  Segment part 98.            Intra module refs:   CalibrationResultAnalise
           ENTRY                   ADDRESS         REF BY
           =====                   =======         ======
           SetLimitCompens         E05E            SoftUART_RxParse (soft_uart)
               calls direct
    -------------------------------------------------------------------------
<CODE> 1 (was CODE)
  Relative segment, address: E072 - E079 (0x8 bytes), align: 1
  Segment part 99.            Intra module refs:   ?Subroutine2
                                                   ?Subroutine4
                                                   SetLimitCompens
           LOCAL                   ADDRESS         
           =====                   =======         
           ?Subroutine32           E072 
    -------------------------------------------------------------------------
<CODE> 1 (was CODE)
  Relative segment, address: E07A - E08F (0x16 bytes), align: 1
  Segment part 100.
           ENTRY                   ADDRESS         REF BY
           =====                   =======         ======
           SetLevels               E07A            SoftUART_RxParse (soft_uart)
               calls direct
    -------------------------------------------------------------------------
<CODE> 1 (was CODE)
  Relative segment, address: E090 - E0B5 (0x26 bytes), align: 1
  Segment part 101.           Intra module refs:   SetLevels
                                                   SetLevelsFromCalibr
           LOCAL                   ADDRESS         
           =====                   =======         
           ?Subroutine0            E090 
    -------------------------------------------------------------------------
<CODE> 1 (was CODE)
  Relative segment, address: E0B6 - E0B7 (0x2 bytes), align: 1
  Segment part 102.           Intra module refs:   SetLevels
                                                   SetLevelsFromCalibr
           LOCAL                   ADDRESS         
           =====                   =======         
           ?Subroutine5            E0B6 
    -------------------------------------------------------------------------
<CODE> 1 (was CODE)
  Relative segment, address: E0B8 - E0BF (0x8 bytes), align: 1
  Segment part 103.           Intra module refs:   ?Subroutine5
                                                   main
    -------------------------------------------------------------------------
<CODE> 1 (was CODE)
  Relative segment, address: E0C0 - E0FF (0x40 bytes), align: 1
  Segment part 104.           Intra module refs:   CalibrationResultAnalise
           ENTRY                   ADDRESS         REF BY
           =====                   =======         ======
           SetLevelsFromCalibr     E0C0 
               calls direct
    -------------------------------------------------------------------------
<CODE> 1 (was CODE)
  Relative segment, address: E100 - E117 (0x18 bytes), align: 1
  Segment part 111.           Intra module refs:   main
           LOCAL                   ADDRESS         
           =====                   =======         
           ?Subroutine15           E100 
    -------------------------------------------------------------------------
DATA16_C
  Relative segment, address: E01A - E02B (0x12 bytes), align: 0
  Segment part 89.            Intra module refs:   SignalAnalysis
           ENTRY                   ADDRESS         REF BY
           =====                   =======         ======
           FIRCoef                 E01A 
    -------------------------------------------------------------------------
DATA16_Z
  Relative segment, address: 0308 - 032B (0x24 bytes), align: 1
  Segment part 90.            Intra module refs:   SignalAnalysis
           LOCAL                   ADDRESS         
           =====                   =======         
           x                       0308 
    -------------------------------------------------------------------------
<CODE> 1 (was CODE)
  Relative segment, address: E118 - E127 (0x10 bytes), align: 1
  Segment part 115.           Intra module refs:   SignalAnalysis
           LOCAL                   ADDRESS         
           =====                   =======         
           ?Subroutine16           E118 
    -------------------------------------------------------------------------
DATA16_Z
  Relative segment, address: 032C - 032D (0x2 bytes), align: 1
  Segment part 91.            Intra module refs:   SignalAnalysis
           ENTRY                   ADDRESS         REF BY
           =====                   =======         ======
           d1                      032C 
    -------------------------------------------------------------------------
DATA16_Z
  Relative segment, address: 032E - 032F (0x2 bytes), align: 1
  Segment part 92.            Intra module refs:   SignalAnalysis
           ENTRY                   ADDRESS         REF BY
           =====                   =======         ======
           d2                      032E 
    -------------------------------------------------------------------------
DATA16_Z
  Relative segment, address: 0330 - 0331 (0x2 bytes), align: 1
  Segment part 93.            Intra module refs:   SignalAnalysis
           ENTRY                   ADDRESS         REF BY
           =====                   =======         ======
           d3                      0330 
    -------------------------------------------------------------------------
DATA16_Z
  Relative segment, address: 0332 - 0333 (0x2 bytes), align: 1
  Segment part 94.            Intra module refs:   SignalAnalysis
           ENTRY                   ADDRESS         REF BY
           =====                   =======         ======
           d4                      0332 
    -------------------------------------------------------------------------
<CODE> 1 (was CODE)
  Relative segment, address: E128 - E3D9 (0x2b2 bytes), align: 1
  Segment part 117.           Intra module refs:   main
           ENTRY                   ADDRESS         REF BY
           =====                   =======         ======
           SignalAnalysis          E128 
               calls direct
    -------------------------------------------------------------------------
<CODE> 1 (was CODE)
  Relative segment, address: E3DA - E3E3 (0xa bytes), align: 1
  Segment part 118.           Intra module refs:   SignalAnalysis
           LOCAL                   ADDRESS         
           =====                   =======         
           ?Subroutine18           E3DA 
    -------------------------------------------------------------------------
<CODE> 1 (was CODE)
  Relative segment, address: E3E4 - E3FF (0x1c bytes), align: 1
  Segment part 122.           Intra module refs:   main
           LOCAL                   ADDRESS         
           =====                   =======         
           ?Subroutine19           E3E4 
    -------------------------------------------------------------------------
<CODE> 1 (was CODE)
  Relative segment, address: E400 - E411 (0x12 bytes), align: 1
  Segment part 124.           Intra module refs:   main
           LOCAL                   ADDRESS         
           =====                   =======         
           ?Subroutine21           E400 
    -------------------------------------------------------------------------
<CODE> 1 (was CODE)
  Relative segment, address: E412 - E423 (0x12 bytes), align: 1
  Segment part 126.           Intra module refs:   main
           LOCAL                   ADDRESS         
           =====                   =======         
           ?Subroutine12           E412 
    -------------------------------------------------------------------------
<CODE> 1 (was CODE)
  Relative segment, address: E424 - E525 (0x102 bytes), align: 1
  Segment part 127.           Intra module refs:   main
           ENTRY                   ADDRESS         REF BY
           =====                   =======         ======
           FaultSignalManager      E424 
    -------------------------------------------------------------------------
<CODE> 1 (was CODE)
  Relative segment, address: E526 - E533 (0xe bytes), align: 1
  Segment part 128.           Intra module refs:   FaultSignalManager
           LOCAL                   ADDRESS         
           =====                   =======         
           ?Subroutine22           E526 
    -------------------------------------------------------------------------
<CODE> 1 (was CODE)
  Relative segment, address: E534 - E53B (0x8 bytes), align: 1
  Segment part 129.           Intra module refs:   ?Subroutine12
                                                   ?Subroutine22
                                                   main
           LOCAL                   ADDRESS         
           =====                   =======         
           ?Subroutine34           E534 
    -------------------------------------------------------------------------
<CODE> 1 (was CODE)
  Relative segment, address: E53C - E55F (0x24 bytes), align: 1
  Segment part 132.           Intra module refs:   main
           LOCAL                   ADDRESS         
           =====                   =======         
           ?Subroutine23           E53C 
    -------------------------------------------------------------------------
<CODE> 1 (was CODE)
  Relative segment, address: E560 - E6FF (0x1a0 bytes), align: 1
  Segment part 133.           Intra module refs:   main
           ENTRY                   ADDRESS         REF BY
           =====                   =======         ======
           CalibrationResultAnalise
                                   E560 
               calls direct
    -------------------------------------------------------------------------
<CODE> 1 (was CODE)
  Relative segment, address: E700 - E715 (0x16 bytes), align: 1
  Segment part 134.           Intra module refs:   ADC_Measure_Simple
           ENTRY                   ADDRESS         REF BY
           =====                   =======         ======
           AverageData             E700 
               calls direct
    -------------------------------------------------------------------------
<CODE> 1 (was CODE)
  Relative segment, address: E716 - E7A1 (0x8c bytes), align: 1
  Segment part 135.           Intra module refs:   main
           ENTRY                   ADDRESS         REF BY
           =====                   =======         ======
           ADC_Measure_Simple      E716 
               calls direct
    -------------------------------------------------------------------------
<CODE> 1 (was CODE)
  Relative segment, address: E7A2 - F0A1 (0x900 bytes), align: 1
  Segment part 136.
           ENTRY                   ADDRESS         REF BY
           =====                   =======         ======
           main                    E7A2            Segment part 18 (?cstart)
               calls direct
    -------------------------------------------------------------------------
<CODE> 1 (was CODE)
  Relative segment, address: F0A2 - F0AF (0xe bytes), align: 1
  Segment part 137.           Intra module refs:   ?Subroutine12
                                                   main
           LOCAL                   ADDRESS         
           =====                   =======         
           ?Subroutine33           F0A2 
    -------------------------------------------------------------------------
<CODE> 1 (was CODE)
  Relative segment, address: F0B0 - F0CB (0x1c bytes), align: 1
  Segment part 138.           Intra module refs:   main
           LOCAL                   ADDRESS         
           =====                   =======         
           ?Subroutine31           F0B0 
    -------------------------------------------------------------------------
<CODE> 1 (was CODE)
  Relative segment, address: F0CC - F0DF (0x14 bytes), align: 1
  Segment part 139.           Intra module refs:   main
           LOCAL                   ADDRESS         
           =====                   =======         
           ?Subroutine30           F0CC 
    -------------------------------------------------------------------------
<CODE> 1 (was CODE)
  Relative segment, address: F0E0 - F0E5 (0x6 bytes), align: 1
  Segment part 140.           Intra module refs:   ?Subroutine9
                                                   main
           LOCAL                   ADDRESS         
           =====                   =======         
           ?Subroutine37           F0E0 
    -------------------------------------------------------------------------
<CODE> 1 (was CODE)
  Relative segment, address: F0E6 - F0ED (0x8 bytes), align: 1
  Segment part 141.           Intra module refs:   ?Subroutine28
                                                   ?Subroutine37
           LOCAL                   ADDRESS         
           =====                   =======         
           ?Subroutine39           F0E6 
    -------------------------------------------------------------------------
<CODE> 1 (was CODE)
  Relative segment, address: F0EE - F0F7 (0xa bytes), align: 1
  Segment part 142.           Intra module refs:   main
           LOCAL                   ADDRESS         
           =====                   =======         
           ?Subroutine28           F0EE 
    -------------------------------------------------------------------------
<CODE> 1 (was CODE)
  Relative segment, address: F0F8 - F107 (0x10 bytes), align: 1
  Segment part 143.           Intra module refs:   ?Subroutine14
                                                   main
           LOCAL                   ADDRESS         
           =====                   =======         
           ?Subroutine35           F0F8 
    -------------------------------------------------------------------------
<CODE> 1 (was CODE)
  Relative segment, address: F108 - F117 (0x10 bytes), align: 1
  Segment part 144.           Intra module refs:   main
           LOCAL                   ADDRESS         
           =====                   =======         
           ?Subroutine26           F108 
    -------------------------------------------------------------------------
<CODE> 1 (was CODE)
  Relative segment, address: F118 - F11F (0x8 bytes), align: 1
  Segment part 145.           Intra module refs:   ?Subroutine26
                                                   ?Subroutine28
                                                   main
           LOCAL                   ADDRESS         
           =====                   =======         
           ?Subroutine36           F118 
    -------------------------------------------------------------------------
<CODE> 1 (was CODE)
  Relative segment, address: F120 - F129 (0xa bytes), align: 1
  Segment part 146.           Intra module refs:   FaultSignalManager
                                                   main
           LOCAL                   ADDRESS         
           =====                   =======         
           ?Subroutine25           F120 
    -------------------------------------------------------------------------
<CODE> 1 (was CODE)
  Relative segment, address: F12A - F13B (0x12 bytes), align: 1
  Segment part 147.           Intra module refs:   FaultSignalManager
                                                   main
           LOCAL                   ADDRESS         
           =====                   =======         
           ?Subroutine24           F12A 
    -------------------------------------------------------------------------
<CODE> 1 (was CODE)
  Relative segment, address: F13C - F14F (0x14 bytes), align: 1
  Segment part 148.           Intra module refs:   main
           LOCAL                   ADDRESS         
           =====                   =======         
           ?Subroutine20           F13C 
    -------------------------------------------------------------------------
<CODE> 1 (was CODE)
  Relative segment, address: F150 - F153 (0x4 bytes), align: 1
  Segment part 149.           Intra module refs:   main
           LOCAL                   ADDRESS         
           =====                   =======         
           ?Subroutine14           F150 
    -------------------------------------------------------------------------
<CODE> 1 (was CODE)
  Relative segment, address: F154 - F159 (0x6 bytes), align: 1
  Segment part 150.           Intra module refs:   ?Subroutine14
                                                   main
    -------------------------------------------------------------------------
<CODE> 1 (was CODE)
  Relative segment, address: F15A - F169 (0x10 bytes), align: 1
  Segment part 151.           Intra module refs:   main
           LOCAL                   ADDRESS         
           =====                   =======         
           ?Subroutine13           F15A 
    -------------------------------------------------------------------------
<CODE> 1 (was CODE)
  Relative segment, address: F16A - F173 (0xa bytes), align: 1
  Segment part 152.           Intra module refs:   main
           LOCAL                   ADDRESS         
           =====                   =======         
           ?Subroutine11           F16A 
    -------------------------------------------------------------------------
<CODE> 1 (was CODE)
  Relative segment, address: F174 - F17F (0xc bytes), align: 1
  Segment part 153.           Intra module refs:   main
           LOCAL                   ADDRESS         
           =====                   =======         
           ?Subroutine10           F174 
    -------------------------------------------------------------------------
<CODE> 1 (was CODE)
  Relative segment, address: F180 - F191 (0x12 bytes), align: 1
  Segment part 154.           Intra module refs:   main
[...]
           LOCAL                   ADDRESS         
           =====                   =======         
           ?Subroutine5            F2AC 
    -------------------------------------------------------------------------
<CODE> 1 (was CODE)
  Relative segment, address: F2B4 - F2C5 (0x12 bytes), align: 1
  Segment part 28.            Intra module refs:   SoftUART_SendByte
                                                   SoftUART_TxString
           LOCAL                   ADDRESS         
           =====                   =======         
           ?Subroutine2            F2B4 
    -------------------------------------------------------------------------
<CODE> 1 (was CODE)
  Relative segment, address: F2C6 - F2D7 (0x12 bytes), align: 1
  Segment part 29.            Intra module refs:   SoftUART_SendByte
                                                   SoftUART_TxString
           LOCAL                   ADDRESS         
           =====                   =======         
           ?Subroutine1            F2C6 
    -------------------------------------------------------------------------
<CODE> 1 (was CODE)
  Relative segment, address: F2D8 - F393 (0xbc bytes), align: 1
  Segment part 31.
           ENTRY                   ADDRESS         REF BY
           =====                   =======         ======
           SoftUART_RxParse        F2D8            main (main)
               calls direct and indirect

    *************************************************************************

  FILE NAME : C:\Program Files (x86)\IAR Systems\Embedded Workbench 7.3\430\lib\dlib\dl430fn.r43
  LIBRARY MODULE, NAME : ?__dbg_break

  SEGMENTS IN THE MODULE
  ======================
<CODE> 1 (was CODE)
  Relative segment, address: F92E - F92F (0x2 bytes), align: 1
  Segment part 2.
           ENTRY                   ADDRESS         REF BY
           =====                   =======         ======
           __DebugBreak            F92E            __exit (?__exit)

    -------------------------------------------------------------------------
  LIBRARY MODULE, NAME : ?__exit

  SEGMENTS IN THE MODULE
  ======================
<CODE> 1 (was CODE)
  Relative segment, address: F862 - F873 (0x12 bytes), align: 1
  Segment part 2.
           ENTRY                   ADDRESS         REF BY
           =====                   =======         ======
           __exit                  F862            Segment part 6 (?_exit)
                                                   _exit (?_exit)
               calls direct

    -------------------------------------------------------------------------
  LIBRARY MODULE, NAME : ?_exit

  SEGMENTS IN THE MODULE
  ======================
<CODE> 1 (was CODE)
  Relative segment, address: F926, align: 1
  Segment part 0.
           ENTRY                   ADDRESS         REF BY
           =====                   =======         ======
           _exit                   F926            exit (?exit)
    -------------------------------------------------------------------------
<CODE> 1 (was CODE)
  Relative segment, address: F926 - F929 (0x4 bytes), align: 1
  Segment part 6.             Intra module refs:   _exit

    -------------------------------------------------------------------------
  LIBRARY MODULE, NAME : ?cstart

  SEGMENTS IN THE MODULE
  ======================
CSTACK
  Relative segment, address: 039C, align: 1
  Segment part 1.
    -------------------------------------------------------------------------
DATA16_Z
  Relative segment, address: 0334, align: 1
  Segment part 2.
    -------------------------------------------------------------------------
DATA16_I
  Relative segment, address: 0202, align: 1
  Segment part 3.
    -------------------------------------------------------------------------
DATA16_ID
  Relative segment, address: E036, align: 1
  Segment part 4.
    -------------------------------------------------------------------------
CSTART
  Relative segment, address: E036 - E039 (0x4 bytes), align: 1
  Segment part 9.
           ENTRY                   ADDRESS         REF BY
           =====                   =======         ======
           __program_start         E036            ?reset_vector (?reset_vector)
                                                   Absolute parts (?ABS_ENTRY_MOD)
           ?cstart_begin           E036 
    -------------------------------------------------------------------------
CSTART
  Relative segment, address: E03A - E045 (0xc bytes), align: 1
  Segment part 13.
           ENTRY                   ADDRESS         REF BY
           =====                   =======         ======
           ?cstart_init_zero       E03A            CalibrFault (main)
                                                   DeviceFault (main)
                                                   DeviceMode (main)
                                                   DriftCounter (main)
                                                   DriftLevel (main)
                                                   DriftSumma (main)
                                                   Timer50msCounter (main)
                                                   adc_process (main)
                                                   amp_no (main)
                                                   but (hardware)
                                                   calibr_stage (main)
                                                   cfg_reg (main)
                                                   d1 (main)
                                                   d2 (main)
                                                   d3 (main)
                                                   d4 (main)
                                                   dark (main)
                                                   delta (main)
                                                   delta_last (main)
                                                   fTimerA1_On (main)
                                                   fault_chain_ind (main)
                                                   fault_chain_timer (main)
                                                   fault_phase (main)
                                                   fault_timer (main)
                                                   flash_period_timer (main)
                                                   gain (main)
                                                   hi_signal_counter (main)
                                                   i (hardware)
                                                   jp1_state (main)
                                                   led_r (main)
                                                   led_sh (main)
                                                   led_y (main)
                                                   light_sync (main)
                                                   light_timer (main)
                                                   q_array (main)
                                                   reference (main)
                                                   s_array (main)
                                                   signal_array (main)
                                                   start_timer (main)
                                                   strob_pulse_timer (main)
                                                   timerKeyDown (main)
                                                   timerMain (main)
                                                   uart_rx_buf (soft_uart)
                                                   uart_rx_ind (soft_uart)
                                                   uart_timer (soft_uart)
                                                   x (main)
                                                   zero_timer (main)
    -------------------------------------------------------------------------
CSTART
  Relative segment, address: E046 - E055 (0x10 bytes), align: 1
  Segment part 14.
           ENTRY                   ADDRESS         REF BY
           =====                   =======         ======
           ?cstart_init_copy       E046            SegCBackup (flash)
    -------------------------------------------------------------------------
CSTART
  Relative segment, address: E056 - E05D (0x8 bytes), align: 1
  Segment part 18.            Intra module refs:   Segment part 9
           ENTRY                   ADDRESS         REF BY
           =====                   =======         ======
           ?cstart_call_main       E056 
           ?cstart_end             E05E 

    -------------------------------------------------------------------------
  LIBRARY MODULE, NAME : ?reset_vector

  SEGMENTS IN THE MODULE
  ======================
RESET
  Relative segment, address: FFFE - FFFF (0x2 bytes), align: 1
  Segment part 0.
           ENTRY                   ADDRESS         REF BY
           =====                   =======         ======
           ?reset_vector           FFFE            Segment part 9 (?cstart)

    -------------------------------------------------------------------------
  LIBRARY MODULE, NAME : ?Epilogue

  SEGMENTS IN THE MODULE
  ======================
<CODE> 1 (was CODE)
  Relative segment, address: F8C8 - F8C9 (0x2 bytes), align: 1
  Segment part 2.
           ENTRY                   ADDRESS         REF BY
           =====                   =======         ======
           ?Epilogue6              F8C8            CalibrationResultAnalise (main)
                                                   SignalAnalysis (main)
    -------------------------------------------------------------------------
<CODE> 1 (was CODE)
  Relative segment, address: F8CA - F8CB (0x2 bytes), align: 1
  Segment part 3.             Intra module refs:   ?Epilogue6
           ENTRY                   ADDRESS         REF BY
           =====                   =======         ======
           ?Epilogue5              F8CA            FlashWriteArray (flash)
    -------------------------------------------------------------------------
<CODE> 1 (was CODE)
  Relative segment, address: F8CC - F8CD (0x2 bytes), align: 1
  Segment part 4.             Intra module refs:   ?Epilogue5
           ENTRY                   ADDRESS         REF BY
           =====                   =======         ======
           ?Epilogue4              F8CC            ADC_Measure_Simple (main)
                                                   SoftUART_TxString (soft_uart)
    -------------------------------------------------------------------------
<CODE> 1 (was CODE)
  Relative segment, address: F8CE - F8D5 (0x8 bytes), align: 1
  Segment part 5.             Intra module refs:   ?Epilogue4
           ENTRY                   ADDRESS         REF BY
           =====                   =======         ======
           ?Epilogue3              F8CE            StorageProperty (flash)

    -------------------------------------------------------------------------
  LIBRARY MODULE, NAME : ?exit

  SEGMENTS IN THE MODULE
  ======================
<CODE> 1 (was CODE)
  Relative segment, address: F92A - F92D (0x4 bytes), align: 1
  Segment part 2.
           ENTRY                   ADDRESS         REF BY
           =====                   =======         ======
           exit                    F92A            Segment part 18 (?cstart)
               calls direct

    -------------------------------------------------------------------------
  LIBRARY MODULE, NAME : ?Mul816

  SEGMENTS IN THE MODULE
  ======================
<CODE> 1 (was CODE)
  Relative segment, address: F6A6 - F6D3 (0x2e bytes), align: 1
  Segment part 1.
           ENTRY                   ADDRESS         REF BY
           =====                   =======         ======
           ?Mul16                  F6A6 
           ?Mul16to32u             F6A6            ?Mul16to32s (?Mul16to32s)

    -------------------------------------------------------------------------
  LIBRARY MODULE, NAME : ?Mul16to32s

  SEGMENTS IN THE MODULE
  ======================
<CODE> 1 (was CODE)
  Relative segment, address: F798 - F7B1 (0x1a bytes), align: 1
  Segment part 0.
           ENTRY                   ADDRESS         REF BY
           =====                   =======         ======
           ?Mul16to32s             F798            ?Subroutine18 (main)

    -------------------------------------------------------------------------
  LIBRARY MODULE, NAME : ?DivMod816u

  SEGMENTS IN THE MODULE
  ======================
<CODE> 1 (was CODE)
  Relative segment, address: F7E4 - F7FB (0x18 bytes), align: 1
  Segment part 1.
           ENTRY                   ADDRESS         REF BY
           =====                   =======         ======
           ?DivMod16u              F7E4            ?DivMod16s (?DivMod816s)
                                                   ?Subroutine6 (main)
                                                   ?Subroutine8 (main)
                                                   AverageData (main)
                                                   main (main)

    -------------------------------------------------------------------------
  LIBRARY MODULE, NAME : ?DivMod816s

  SEGMENTS IN THE MODULE
  ======================
<CODE> 1 (was CODE)
  Relative segment, address: F676 - F6A5 (0x30 bytes), align: 1
  Segment part 1.
           ENTRY                   ADDRESS         REF BY
           =====                   =======         ======
           ?DivMod16s              F676            ?Subroutine7 (main)
                                                   SignalAnalysis (main)

    -------------------------------------------------------------------------
  LIBRARY MODULE, NAME : ?DivMod32u

  SEGMENTS IN THE MODULE
  ======================
<CODE> 1 (was CODE)
  Relative segment, address: F60C - F643 (0x38 bytes), align: 1
  Segment part 0.
           ENTRY                   ADDRESS         REF BY
           =====                   =======         ======
           ?DivMod32u              F60C            ?DivMod32s (?DivMod32s)
                                                   main (main)

    -------------------------------------------------------------------------
  LIBRARY MODULE, NAME : ?DivMod32s

  SEGMENTS IN THE MODULE
  ======================
<CODE> 1 (was CODE)
  Relative segment, address: F590 - F5CF (0x40 bytes), align: 1
  Segment part 0.
           ENTRY                   ADDRESS         REF BY
           =====                   =======         ======
           ?DivMod32s              F590            ?Subroutine16 (main)

    -------------------------------------------------------------------------
  LIBRARY MODULE, NAME : ?ShiftRight32s_8n

  SEGMENTS IN THE MODULE
  ======================
<CODE> 1 (was CODE)
  Relative segment, address: F898 - F89B (0x4 bytes), align: 1
  Segment part 5.
           ENTRY                   ADDRESS         REF BY
           =====                   =======         ======
           ?ShiftRight32s_9        F898            ?Subroutine16 (main)
    -------------------------------------------------------------------------
<CODE> 1 (was CODE)
  Relative segment, address: F89C - F8A7 (0xc bytes), align: 1
  Segment part 6.             Intra module refs:   ?ShiftRight32s_9
           ENTRY                   ADDRESS         REF BY
           =====                   =======         ======
           ?ShiftRight32s_8        F89C 

    -------------------------------------------------------------------------
  LIBRARY MODULE, NAME : ?memcpy

  SEGMENTS IN THE MODULE
  ======================
<CODE> 1 (was CODE)
  Relative segment, address: F874 - F885 (0x12 bytes), align: 1
  Segment part 2.
           ENTRY                   ADDRESS         REF BY
           =====                   =======         ======
           memcpy                  F874            ?Subroutine1 (flash)
                                                   ?Subroutine2 (flash)
                                                   ?Subroutine5 (flash)
                                                   FlashWriteArray (flash)
                                                   __data16_memcpy (?memzero)

    -------------------------------------------------------------------------
  LIBRARY MODULE, NAME : ?memzero

  SEGMENTS IN THE MODULE
  ======================
<CODE> 1 (was CODE)
  Relative segment, address: F8A8 - F8B7 (0x10 bytes), align: 1
  Segment part 2.
           ENTRY                   ADDRESS         REF BY
           =====                   =======         ======
           __data16_memzero        F8A8            ?cstart_init_zero (?cstart)
    -------------------------------------------------------------------------
<CODE> 1 (was CODE)
  Relative segment, address: F922 - F925 (0x4 bytes), align: 1
  Segment part 3.
           ENTRY                   ADDRESS         REF BY
           =====                   =======         ======
           __data16_memcpy         F922            ?cstart_init_copy (?cstart)
               calls direct




                ****************************************
                *                                      *
                *      SEGMENTS IN ADDRESS ORDER       *
                *                                      *
                ****************************************


SEGMENT              SPACE    START ADDRESS   END ADDRESS     SIZE  TYPE  ALIGN
=======              =====    =============   ===========     ====  ====  =====
DATA16_AN                              0000 - 0000               1   rel    0
                                       0002 - 0002               1 
                                       0020 - 002F              10 
                                       0049 - 004A               2 
                                       0053 - 0053               1 
                                       0056 - 0057               2 
                                       0120 - 0121               2 
                                       0128 - 012D               6 
                                       0160 - 0165               6 
                                       0170 - 0173               4 
                                       0180 - 0183               4 
                                       0190 - 0193               4 
                                       01B0 - 01B3               4 
                                       01BC - 01BD               2 
DATA16_I                               0200 - 0201               2   rel    1
DATA16_Z                               0202 - 0373             172   rel    1
CSTACK                                 039C - 03FF              64   rel    1
DATA16_AC                              1040 - 1067              28   rel    0
DATA16_AN                              10F8 - 10F9               2   rel    0
                                       10FC - 10FF               4 
DATA16_C                               E000 - E033              34   rel    0
DATA16_ID                              E034 - E035               2   rel    1
CSTART                                 E036 - E05D              28   rel    1
<CODE> 1                               E05E - F92F            18D2   rel    1
INTVEC                                 FFE0 - FFFB              1C   com    1
RESET                                  FFFE - FFFF               2   rel    1
REGVAR_AN            REGISTER          0008 - 0009               2   rel    0

                ****************************************
                *                                      *
                *        END OF CROSS REFERENCE        *
                *                                      *
                ****************************************

 6 424 bytes of CODE     memory
   472 bytes of DATA     memory (+ 61 absolute )
     0 bytes of REGISTER memory (+  2 absolute )
    54 bytes of CONST    memory (+ 40 absolute )

Errors: none
Warnings: none

