################################################################################
#                                                                              #
#      IAR Universal Linker V5.3.2.26                                          #
#                                                                              #
#           Link time     =  16/Sep/2016  13:47:19                             #
#           Target CPU    =  MSP430                                            #
#           List file     =  D:\_My_Doc\Project\Arton-DL1\PRG\Arton-DL1_v1.00_ #
#                            Release_new_Resistor\IAR\Debug\List\Arton_DL1.map #
#           Output file 1 =  D:\_My_Doc\Project\Arton-DL1\PRG\Arton-DL1_v1.00_ #
#                            Release_new_Resistor\IAR\Debug\Exe\Arton_DL1.d43  #
#                            Format: debug                                     #
#                            UBROF version 10.0.6                              #
#           Command line  =  D:\_My_Doc\Project\Arton-DL1\PRG\Arton-DL1_v1.00_ #
#                            Release_new_Resistor\IAR\Debug\Obj\delay.r43      #
#                            D:\_My_Doc\Project\Arton-DL1\PRG\Arton-DL1_v1.00_ #
#                            Release_new_Resistor\IAR\Debug\Obj\flash.r43      #
#                            D:\_My_Doc\Project\Arton-DL1\PRG\Arton-DL1_v1.00_ #
#                            Release_new_Resistor\IAR\Debug\Obj\hardware.r43   #
#                            D:\_My_Doc\Project\Arton-DL1\PRG\Arton-DL1_v1.00_ #
#                            Release_new_Resistor\IAR\Debug\Obj\main.r43       #
#                            D:\_My_Doc\Project\Arton-DL1\PRG\Arton-DL1_v1.00_ #
#                            Release_new_Resistor\IAR\Debug\Obj\soft_uart.r43  #
#                            -o                                                #
#                            D:\_My_Doc\Project\Arton-DL1\PRG\Arton-DL1_v1.00_ #
#                            Release_new_Resistor\IAR\Debug\Exe\Arton_DL1.d43  #
#                            -l                                                #
#                            D:\_My_Doc\Project\Arton-DL1\PRG\Arton-DL1_v1.00_ #
#                            Release_new_Resistor\IAR\Debug\List\Arton_DL1.map #
#                            "-IC:\Program Files (x86)\IAR Systems\Embedded Wo #
#                            rkbench 6.4\430\LIB\"                             #
#                            -f                                                #
#                            "C:\Program Files (x86)\IAR Systems\Embedded Work #
#                            bench 6.4\430\CONFIG\lnk430G2553.xcl"             #
#                            (-cmsp430 -QCODE_I=CODE_ID                        #
#                            -Z(DATA)DATA16_I,DATA16_Z,DATA16_N,TLS16_I,DATA16 #
#                            _HEAP+_DATA16_HEAP_SIZE=0200-03FF                 #
#                            -Z(DATA)CODE_I -Z(DATA)CSTACK+_STACK_SIZE#        #
#                            -Z(CONST)INFO=1000-10FF                           #
#                            -Z(CONST)INFOA=10C0-10FF                          #
#                            -Z(CONST)INFOB=1080-10BF                          #
#                            -Z(CONST)INFOC=1040-107F                          #
#                            -Z(CONST)INFOD=1000-103F                          #
#                            -Z(CONST)DATA16_C,DATA16_ID,TLS16_ID,DIFUNCT,CHEC #
#                            KSUM=C000-FFDF                                    #
#                            -Z(CODE)CSTART,ISR_CODE,CODE_ID=C000-FFDF         #
#                            -P(CODE)CODE=C000-FFDF -Z(CODE)INTVEC=FFE0-FFFF   #
#                            -Z(CODE)RESET=FFFE-FFFF) -D_STACK_SIZE=64         #
#                            -Fubrof                                           #
#                            "C:\Program Files (x86)\IAR Systems\Embedded Work #
#                            bench 6.4\430\LIB\DLIB\dl430fn.r43"               #
#                            -D_DATA16_HEAP_SIZE=0 -s __program_start          #
#                            -D_DATA20_HEAP_SIZE=50                            #
#                                                                              #
#                           Copyright (C) 1987-2012 IAR Systems AB.            #
################################################################################




 6 202 bytes of CODE     memory
   473 bytes of DATA     memory (+ 61 absolute )
     0 bytes of REGISTER memory (+  2 absolute )
    54 bytes of CONST    memory (+ 40 absolute )

Errors: none
Warnings: none

